$ pnpm test:e2e
exit=0

> lifethread@0.1.0 test:e2e /home/ubuntu/LifeThread
> playwright test


Running 6 tests using 1 worker

  ✓  1 [desktop] › e2e/foundation.spec.ts:8:1 › renders a truthful bilingual private-demo foundation (1.4s)
  ✓  2 [desktop] › e2e/vertical-slice.spec.ts:9:1 › completes the private bilingual living-state journey (3.0s)
  ✓  3 [mobile] › e2e/foundation.spec.ts:8:1 › renders a truthful bilingual private-demo foundation (1.5s)
  ✓  4 [mobile] › e2e/vertical-slice.spec.ts:9:1 › completes the private bilingual living-state journey (4.3s)
  ✓  5 [tablet] › e2e/foundation.spec.ts:8:1 › renders a truthful bilingual private-demo foundation (1.3s)
  ✓  6 [tablet] › e2e/vertical-slice.spec.ts:9:1 › completes the private bilingual living-state journey (2.9s)

  6 passed (29.4s)
[WebServer] (node:128933) Warning: The 'NO_COLOR' env is ignored due to the 'FORCE_COLOR' env being set.
[WebServer] (Use `node --trace-warnings ...` to show where the warning was created)
[WebServer] (node:128951) Warning: The 'NO_COLOR' env is ignored due to the 'FORCE_COLOR' env being set.
[WebServer] (Use `node --trace-warnings ...` to show where the warning was created)
[WebServer] (node:128951) Warning: The 'NO_COLOR' env is ignored due to the 'FORCE_COLOR' env being set.
[WebServer] (Use `node --trace-warnings ...` to show where the warning was created)
[WebServer] (node:128980) Warning: The 'NO_COLOR' env is ignored due to the 'FORCE_COLOR' env being set.
[WebServer] (Use `node --trace-warnings ...` to show where the warning was created)
[WebServer] (node:129017) Warning: The 'NO_COLOR' env is ignored due to the 'FORCE_COLOR' env being set.
[WebServer] (Use `node --trace-warnings ...` to show where the warning was created)
[WebServer] (node:129024) Warning: The 'NO_COLOR' env is ignored due to the 'FORCE_COLOR' env being set.
[WebServer] (Use `node --trace-warnings ...` to show where the warning was created)
[WebServer] (node:129011) Warning: The 'NO_COLOR' env is ignored due to the 'FORCE_COLOR' env being set.
[WebServer] (Use `node --trace-warnings ...` to show where the warning was created)
[WebServer] (node:129043) Warning: The 'NO_COLOR' env is ignored due to the 'FORCE_COLOR' env being set.
[WebServer] (Use `node --trace-warnings ...` to show where the warning was created)
[WebServer] (node:129061) Warning: The 'NO_COLOR' env is ignored due to the 'FORCE_COLOR' env being set.
[WebServer] (Use `node --trace-warnings ...` to show where the warning was created)
(node:129082) Warning: The 'NO_COLOR' env is ignored due to the 'FORCE_COLOR' env being set.
(Use `node --trace-warnings ...` to show where the warning was created)
(node:129260) Warning: The 'NO_COLOR' env is ignored due to the 'FORCE_COLOR' env being set.
(Use `node --trace-warnings ...` to show where the warning was created)
(node:129446) Warning: The 'NO_COLOR' env is ignored due to the 'FORCE_COLOR' env being set.
(Use `node --trace-warnings ...` to show where the warning was created)
