$ pnpm test:e2e
exit=0

> lifethread@0.1.0 test:e2e /home/ubuntu/LifeThread
> playwright test


Running 6 tests using 1 worker

  ✓  1 [desktop] › e2e/foundation.spec.ts:8:1 › renders a truthful bilingual private-demo foundation (1.4s)
  ✓  2 [desktop] › e2e/vertical-slice.spec.ts:9:1 › completes the private bilingual living-state journey (3.0s)
  ✓  3 [mobile] › e2e/foundation.spec.ts:8:1 › renders a truthful bilingual private-demo foundation (1.4s)
  ✓  4 [mobile] › e2e/vertical-slice.spec.ts:9:1 › completes the private bilingual living-state journey (4.2s)
  ✓  5 [tablet] › e2e/foundation.spec.ts:8:1 › renders a truthful bilingual private-demo foundation (1.4s)
  ✓  6 [tablet] › e2e/vertical-slice.spec.ts:9:1 › completes the private bilingual living-state journey (2.9s)

  6 passed (29.1s)
[WebServer] (node:127365) Warning: The 'NO_COLOR' env is ignored due to the 'FORCE_COLOR' env being set.
[WebServer] (Use `node --trace-warnings ...` to show where the warning was created)
[WebServer] (node:127383) Warning: The 'NO_COLOR' env is ignored due to the 'FORCE_COLOR' env being set.
[WebServer] (Use `node --trace-warnings ...` to show where the warning was created)
[WebServer] (node:127383) Warning: The 'NO_COLOR' env is ignored due to the 'FORCE_COLOR' env being set.
[WebServer] (Use `node --trace-warnings ...` to show where the warning was created)
[WebServer] (node:127411) Warning: The 'NO_COLOR' env is ignored due to the 'FORCE_COLOR' env being set.
[WebServer] (Use `node --trace-warnings ...` to show where the warning was created)
[WebServer] (node:127450) Warning: The 'NO_COLOR' env is ignored due to the 'FORCE_COLOR' env being set.
[WebServer] (Use `node --trace-warnings ...` to show where the warning was created)
[WebServer] (node:127444) Warning: The 'NO_COLOR' env is ignored due to the 'FORCE_COLOR' env being set.
[WebServer] (Use `node --trace-warnings ...` to show where the warning was created)
[WebServer] (node:127457) Warning: The 'NO_COLOR' env is ignored due to the 'FORCE_COLOR' env being set.
[WebServer] (Use `node --trace-warnings ...` to show where the warning was created)
[WebServer] (node:127476) Warning: The 'NO_COLOR' env is ignored due to the 'FORCE_COLOR' env being set.
[WebServer] (Use `node --trace-warnings ...` to show where the warning was created)
[WebServer] (node:127494) Warning: The 'NO_COLOR' env is ignored due to the 'FORCE_COLOR' env being set.
[WebServer] (Use `node --trace-warnings ...` to show where the warning was created)
(node:127515) Warning: The 'NO_COLOR' env is ignored due to the 'FORCE_COLOR' env being set.
(Use `node --trace-warnings ...` to show where the warning was created)
(node:127687) Warning: The 'NO_COLOR' env is ignored due to the 'FORCE_COLOR' env being set.
(Use `node --trace-warnings ...` to show where the warning was created)
(node:127886) Warning: The 'NO_COLOR' env is ignored due to the 'FORCE_COLOR' env being set.
(Use `node --trace-warnings ...` to show where the warning was created)
